C:\Users\david\Documents\MCUXpressoIDE_11.9.0_2144\workspace\frdmkl46z_tpm_timer_aaaa\CMSIS/core_cm0plus.h:733:22:__NVIC_EnableIRQ	16	static
C:\Users\david\Documents\MCUXpressoIDE_11.9.0_2144\workspace\frdmkl46z_tpm_timer_aaaa\drivers/fsl_clock.h:633:20:CLOCK_SetTpmClock	16	static
C:\Users\david\Documents\MCUXpressoIDE_11.9.0_2144\workspace\frdmkl46z_tpm_timer_aaaa\drivers/fsl_common.h:405:28:EnableIRQ	16	static
C:\Users\david\Documents\MCUXpressoIDE_11.9.0_2144\workspace\frdmkl46z_tpm_timer_aaaa\drivers/fsl_gpio.h:188:20:GPIO_PortSet	16	static
C:\Users\david\Documents\MCUXpressoIDE_11.9.0_2144\workspace\frdmkl46z_tpm_timer_aaaa\drivers/fsl_gpio.h:208:20:GPIO_PortClear	16	static
C:\Users\david\Documents\MCUXpressoIDE_11.9.0_2144\workspace\frdmkl46z_tpm_timer_aaaa\drivers/fsl_gpio.h:258:24:GPIO_PinRead	16	static
C:\Users\david\Documents\MCUXpressoIDE_11.9.0_2144\workspace\frdmkl46z_tpm_timer_aaaa\drivers/fsl_tpm.h:552:20:TPM_ClearStatusFlags	16	static
C:\Users\david\Documents\MCUXpressoIDE_11.9.0_2144\workspace\frdmkl46z_tpm_timer_aaaa\drivers/fsl_tpm.h:600:20:TPM_SetTimerPeriod	16	static
C:\Users\david\Documents\MCUXpressoIDE_11.9.0_2144\workspace\frdmkl46z_tpm_timer_aaaa\drivers/fsl_tpm.h:634:20:TPM_StartTimer	24	static
../source/tpm_timer.c:99:6:on_sec_1	8	static
../source/tpm_timer.c:105:6:on_sec_2	8	static
../source/tpm_timer.c:111:6:on_sec_3	8	static
../source/tpm_timer.c:117:6:off_sec_1	8	static
../source/tpm_timer.c:123:6:off_sec_2	8	static
../source/tpm_timer.c:129:6:off_sec_3	8	static
../source/tpm_timer.c:135:5:pulse_1	8	static
../source/tpm_timer.c:147:5:pulse_2	8	static
../source/tpm_timer.c:159:5:pulse_3	8	static
../source/tpm_timer.c:171:5:main	32	static
../source/tpm_timer.c:356:6:TPM0_IRQHandler	8	static
