C:\Users\david\Documents\MCUXpressoIDE_11.9.0_2144\workspace\frdmkl46z_tpm_timer_aaaa\drivers/fsl_clock.h:791:20:CLOCK_SetSimSafeDivs	8	static
C:\Users\david\Documents\MCUXpressoIDE_11.9.0_2144\workspace\frdmkl46z_tpm_timer_aaaa\drivers/fsl_clock.h:1122:20:CLOCK_SetXtal0Freq	16	static
C:\Users\david\Documents\MCUXpressoIDE_11.9.0_2144\workspace\frdmkl46z_tpm_timer_aaaa\drivers/fsl_smc.h:286:20:SMC_SetPowerModeProtection	16	static
C:\Users\david\Documents\MCUXpressoIDE_11.9.0_2144\workspace\frdmkl46z_tpm_timer_aaaa\drivers/fsl_smc.h:305:33:SMC_GetPowerModeState	16	static
../board/src/clock_config.c:72:13:CLOCK_CONFIG_SetFllExtRefDiv	16	static
../board/src/clock_config.c:80:6:BOARD_InitBootClocks	8	static
../board/src/clock_config.c:167:6:BOARD_BootClockRUN	8	static
../board/src/clock_config.c:262:6:BOARD_BootClockVLPR	8	static
